73050.8
58636
12316
6625
56901.6
42067.2
19615.1
28177.4
53049
25588
23522.5
41938.4
56303.7
42491.1
31436.9
23162.8
28326.7
30169.8
68150.8
29408.8
19236.9
8638.2
57176.5
62110.2
31603
67457.4
61335.2
41209.1
53899.2
26077.2
47778.5
919.667
69702.9
61886.7
52787.2
49446.6
55157.5
38879.9
24964.9
2613
45167.4
29320.7
70794
37488.5
37812
73846.4
17843.1
16802.2
21586.5
60739.4
14221.1
71579.8
33876
9358.5
13660.2
49333.1
41159
59161.7
65579.9
72057.2
31534.2
45792.4
56639
22477.5
3689
6071
4672.72
29879.1
20983.8
63600.8
11335
7980.58
24525.6
53542.3
12728.9
45180.9
62112
12531
23461.9
41722
63349.1
17126
63866.8
35439.5
33586.1
12448
19451.3
71889.8
40337.8
13611.5
